------------------------------------------------------------
TimeQuest Timing Analyzer Summary
------------------------------------------------------------

Type  : Slow 1200mV 85C Model Setup 'debounce:BTN_CLK|output[0]'
Slack : -9.226
TNS   : -410.329

Type  : Slow 1200mV 85C Model Setup 'CLOCK_50'
Slack : -4.017
TNS   : -119.267

Type  : Slow 1200mV 85C Model Hold 'CLOCK_50'
Slack : 0.442
TNS   : 0.000

Type  : Slow 1200mV 85C Model Hold 'debounce:BTN_CLK|output[0]'
Slack : 0.445
TNS   : 0.000

Type  : Slow 1200mV 85C Model Recovery 'debounce:BTN_CLK|output[0]'
Slack : -0.781
TNS   : -4.686

Type  : Slow 1200mV 85C Model Removal 'debounce:BTN_CLK|output[0]'
Slack : 1.138
TNS   : 0.000

Type  : Slow 1200mV 85C Model Minimum Pulse Width 'CLOCK_50'
Slack : -3.000
TNS   : -73.675

Type  : Slow 1200mV 85C Model Minimum Pulse Width 'debounce:BTN_CLK|output[0]'
Slack : -1.285
TNS   : -79.670

Type  : Slow 1200mV 0C Model Setup 'debounce:BTN_CLK|output[0]'
Slack : -8.326
TNS   : -368.473

Type  : Slow 1200mV 0C Model Setup 'CLOCK_50'
Slack : -3.618
TNS   : -102.440

Type  : Slow 1200mV 0C Model Hold 'CLOCK_50'
Slack : 0.400
TNS   : 0.000

Type  : Slow 1200mV 0C Model Hold 'debounce:BTN_CLK|output[0]'
Slack : 0.401
TNS   : 0.000

Type  : Slow 1200mV 0C Model Recovery 'debounce:BTN_CLK|output[0]'
Slack : -0.611
TNS   : -3.666

Type  : Slow 1200mV 0C Model Removal 'debounce:BTN_CLK|output[0]'
Slack : 1.049
TNS   : 0.000

Type  : Slow 1200mV 0C Model Minimum Pulse Width 'CLOCK_50'
Slack : -3.000
TNS   : -73.675

Type  : Slow 1200mV 0C Model Minimum Pulse Width 'debounce:BTN_CLK|output[0]'
Slack : -1.285
TNS   : -79.670

Type  : Fast 1200mV 0C Model Setup 'debounce:BTN_CLK|output[0]'
Slack : -3.955
TNS   : -168.145

Type  : Fast 1200mV 0C Model Setup 'CLOCK_50'
Slack : -1.509
TNS   : -31.280

Type  : Fast 1200mV 0C Model Hold 'CLOCK_50'
Slack : 0.200
TNS   : 0.000

Type  : Fast 1200mV 0C Model Hold 'debounce:BTN_CLK|output[0]'
Slack : 0.201
TNS   : 0.000

Type  : Fast 1200mV 0C Model Recovery 'debounce:BTN_CLK|output[0]'
Slack : 0.106
TNS   : 0.000

Type  : Fast 1200mV 0C Model Removal 'debounce:BTN_CLK|output[0]'
Slack : 0.467
TNS   : 0.000

Type  : Fast 1200mV 0C Model Minimum Pulse Width 'CLOCK_50'
Slack : -3.000
TNS   : -74.059

Type  : Fast 1200mV 0C Model Minimum Pulse Width 'debounce:BTN_CLK|output[0]'
Slack : -1.000
TNS   : -62.000

------------------------------------------------------------
