Analysis & Synthesis report for MIPS_QuartusPrimeProject
Wed Nov  8 16:17:27 2017
Quartus Prime Version 17.0.0 Build 595 04/25/2017 SJ Lite Edition


---------------------
; Table of Contents ;
---------------------
  1. Legal Notice
  2. Analysis & Synthesis Summary
  3. Analysis & Synthesis Settings
  4. Parallel Compilation
  5. Analysis & Synthesis Messages



----------------
; Legal Notice ;
----------------
Copyright (C) 2017  Intel Corporation. All rights reserved.
Your use of Intel Corporation's design tools, logic functions 
and other software and tools, and its AMPP partner logic 
functions, and any output files from any of the foregoing 
(including device programming or simulation files), and any 
associated documentation or information are expressly subject 
to the terms and conditions of the Intel Program License 
Subscription Agreement, the Intel Quartus Prime License Agreement,
the Intel MegaCore Function License Agreement, or other 
applicable license agreement, including, without limitation, 
that your use is for the sole purpose of programming logic 
devices manufactured by Intel and sold by Intel or its 
authorized distributors.  Please refer to the applicable 
agreement for further details.



+----------------------------------------------------------------------------------+
; Analysis & Synthesis Summary                                                     ;
+------------------------------------+---------------------------------------------+
; Analysis & Synthesis Status        ; Failed - Wed Nov  8 16:17:27 2017           ;
; Quartus Prime Version              ; 17.0.0 Build 595 04/25/2017 SJ Lite Edition ;
; Revision Name                      ; MIPS_QuartusPrimeProject                    ;
; Top-level Entity Name              ; MIPS_QuartusPrimeProject                    ;
; Family                             ; Cyclone IV E                                ;
; Total logic elements               ; N/A until Partition Merge                   ;
;     Total combinational functions  ; N/A until Partition Merge                   ;
;     Dedicated logic registers      ; N/A until Partition Merge                   ;
; Total registers                    ; N/A until Partition Merge                   ;
; Total pins                         ; N/A until Partition Merge                   ;
; Total virtual pins                 ; N/A until Partition Merge                   ;
; Total memory bits                  ; N/A until Partition Merge                   ;
; Embedded Multiplier 9-bit elements ; N/A until Partition Merge                   ;
; Total PLLs                         ; N/A until Partition Merge                   ;
+------------------------------------+---------------------------------------------+


+----------------------------------------------------------------------------------------------------------------------------------+
; Analysis & Synthesis Settings                                                                                                    ;
+----------------------------------------------------------------------------+--------------------------+--------------------------+
; Option                                                                     ; Setting                  ; Default Value            ;
+----------------------------------------------------------------------------+--------------------------+--------------------------+
; Device                                                                     ; EP4CE115F29C7            ;                          ;
; Top-level entity name                                                      ; MIPS_QuartusPrimeProject ; MIPS_QuartusPrimeProject ;
; Family name                                                                ; Cyclone IV E             ; Cyclone V                ;
; Use smart compilation                                                      ; Off                      ; Off                      ;
; Enable parallel Assembler and TimeQuest Timing Analyzer during compilation ; On                       ; On                       ;
; Enable compact report table                                                ; Off                      ; Off                      ;
; Restructure Multiplexers                                                   ; Auto                     ; Auto                     ;
; Create Debugging Nodes for IP Cores                                        ; Off                      ; Off                      ;
; Preserve fewer node names                                                  ; On                       ; On                       ;
; OpenCore Plus hardware evaluation                                          ; Enable                   ; Enable                   ;
; Verilog Version                                                            ; Verilog_2001             ; Verilog_2001             ;
; VHDL Version                                                               ; VHDL_1993                ; VHDL_1993                ;
; State Machine Processing                                                   ; Auto                     ; Auto                     ;
; Safe State Machine                                                         ; Off                      ; Off                      ;
; Extract Verilog State Machines                                             ; On                       ; On                       ;
; Extract VHDL State Machines                                                ; On                       ; On                       ;
; Ignore Verilog initial constructs                                          ; Off                      ; Off                      ;
; Iteration limit for constant Verilog loops                                 ; 5000                     ; 5000                     ;
; Iteration limit for non-constant Verilog loops                             ; 250                      ; 250                      ;
; Add Pass-Through Logic to Inferred RAMs                                    ; On                       ; On                       ;
; Infer RAMs from Raw Logic                                                  ; On                       ; On                       ;
; Parallel Synthesis                                                         ; On                       ; On                       ;
; DSP Block Balancing                                                        ; Auto                     ; Auto                     ;
; NOT Gate Push-Back                                                         ; On                       ; On                       ;
; Power-Up Don't Care                                                        ; On                       ; On                       ;
; Remove Redundant Logic Cells                                               ; Off                      ; Off                      ;
; Remove Duplicate Registers                                                 ; On                       ; On                       ;
; Ignore CARRY Buffers                                                       ; Off                      ; Off                      ;
; Ignore CASCADE Buffers                                                     ; Off                      ; Off                      ;
; Ignore GLOBAL Buffers                                                      ; Off                      ; Off                      ;
; Ignore ROW GLOBAL Buffers                                                  ; Off                      ; Off                      ;
; Ignore LCELL Buffers                                                       ; Off                      ; Off                      ;
; Ignore SOFT Buffers                                                        ; On                       ; On                       ;
; Limit AHDL Integers to 32 Bits                                             ; Off                      ; Off                      ;
; Optimization Technique                                                     ; Balanced                 ; Balanced                 ;
; Carry Chain Length                                                         ; 70                       ; 70                       ;
; Auto Carry Chains                                                          ; On                       ; On                       ;
; Auto Open-Drain Pins                                                       ; On                       ; On                       ;
; Perform WYSIWYG Primitive Resynthesis                                      ; Off                      ; Off                      ;
; Auto ROM Replacement                                                       ; On                       ; On                       ;
; Auto RAM Replacement                                                       ; On                       ; On                       ;
; Auto DSP Block Replacement                                                 ; On                       ; On                       ;
; Auto Shift Register Replacement                                            ; Auto                     ; Auto                     ;
; Allow Shift Register Merging across Hierarchies                            ; Auto                     ; Auto                     ;
; Auto Clock Enable Replacement                                              ; On                       ; On                       ;
; Strict RAM Replacement                                                     ; Off                      ; Off                      ;
; Allow Synchronous Control Signals                                          ; On                       ; On                       ;
; Force Use of Synchronous Clear Signals                                     ; Off                      ; Off                      ;
; Auto RAM Block Balancing                                                   ; On                       ; On                       ;
; Auto RAM to Logic Cell Conversion                                          ; Off                      ; Off                      ;
; Auto Resource Sharing                                                      ; Off                      ; Off                      ;
; Allow Any RAM Size For Recognition                                         ; Off                      ; Off                      ;
; Allow Any ROM Size For Recognition                                         ; Off                      ; Off                      ;
; Allow Any Shift Register Size For Recognition                              ; Off                      ; Off                      ;
; Use LogicLock Constraints during Resource Balancing                        ; On                       ; On                       ;
; Ignore translate_off and synthesis_off directives                          ; Off                      ; Off                      ;
; Timing-Driven Synthesis                                                    ; On                       ; On                       ;
; Report Parameter Settings                                                  ; On                       ; On                       ;
; Report Source Assignments                                                  ; On                       ; On                       ;
; Report Connectivity Checks                                                 ; On                       ; On                       ;
; Ignore Maximum Fan-Out Assignments                                         ; Off                      ; Off                      ;
; Synchronization Register Chain Length                                      ; 2                        ; 2                        ;
; PowerPlay Power Optimization During Synthesis                              ; Normal compilation       ; Normal compilation       ;
; HDL message level                                                          ; Level2                   ; Level2                   ;
; Suppress Register Optimization Related Messages                            ; Off                      ; Off                      ;
; Number of Removed Registers Reported in Synthesis Report                   ; 5000                     ; 5000                     ;
; Number of Swept Nodes Reported in Synthesis Report                         ; 5000                     ; 5000                     ;
; Number of Inverted Registers Reported in Synthesis Report                  ; 100                      ; 100                      ;
; Clock MUX Protection                                                       ; On                       ; On                       ;
; Auto Gated Clock Conversion                                                ; Off                      ; Off                      ;
; Block Design Naming                                                        ; Auto                     ; Auto                     ;
; SDC constraint protection                                                  ; Off                      ; Off                      ;
; Synthesis Effort                                                           ; Auto                     ; Auto                     ;
; Shift Register Replacement - Allow Asynchronous Clear Signal               ; On                       ; On                       ;
; Pre-Mapping Resynthesis Optimization                                       ; Off                      ; Off                      ;
; Analysis & Synthesis Message Level                                         ; Medium                   ; Medium                   ;
; Disable Register Merging Across Hierarchies                                ; Auto                     ; Auto                     ;
; Resource Aware Inference For Block RAM                                     ; On                       ; On                       ;
+----------------------------------------------------------------------------+--------------------------+--------------------------+


+------------------------------------------+
; Parallel Compilation                     ;
+----------------------------+-------------+
; Processors                 ; Number      ;
+----------------------------+-------------+
; Number detected on machine ; 6           ;
; Maximum allowed            ; 6           ;
;                            ;             ;
; Average used               ; 1.00        ;
; Maximum used               ; 1           ;
;                            ;             ;
; Usage by Processor         ; % Time Used ;
;     Processor 1            ; 100.0%      ;
+----------------------------+-------------+


+-------------------------------+
; Analysis & Synthesis Messages ;
+-------------------------------+
Info: *******************************************************************
Info: Running Quartus Prime Analysis & Synthesis
    Info: Version 17.0.0 Build 595 04/25/2017 SJ Lite Edition
    Info: Processing started: Wed Nov  8 16:17:19 2017
Info: Command: quartus_map --read_settings_files=on --write_settings_files=off MIPS_QuartusPrimeProject -c MIPS_QuartusPrimeProject
Warning (18236): Number of processors has not been specified which may cause overloading on shared machines.  Set the global assignment NUM_PARALLEL_PROCESSORS in your QSF to an appropriate value for best performance.
Info (20030): Parallel compilation is enabled and will use 6 of the 6 processors detected
Info (12021): Found 2 design units, including 1 entities, in source file /home/parallels/Documents/project1/DesignDeComputadores2/FPGA-Clock/MIPS_QuartusPrimeProject.vhd
    Info (12022): Found design unit 1: ULA_MIPS-comportamento File: /home/parallels/Documents/project1/DesignDeComputadores2/FPGA-Clock/MIPS_QuartusPrimeProject.vhd Line: 17
    Info (12023): Found entity 1: ULA_MIPS File: /home/parallels/Documents/project1/DesignDeComputadores2/FPGA-Clock/MIPS_QuartusPrimeProject.vhd Line: 5
Info (12021): Found 2 design units, including 1 entities, in source file registrador32.vhd
    Info (12022): Found design unit 1: registrador-comportamento File: /home/parallels/Documents/MIPS/registrador32.vhd Line: 15
    Info (12023): Found entity 1: registrador File: /home/parallels/Documents/MIPS/registrador32.vhd Line: 4
Info (12021): Found 2 design units, including 1 entities, in source file mux32.vhd
    Info (12022): Found design unit 1: mux32-Behavioral File: /home/parallels/Documents/MIPS/mux32.vhd Line: 14
    Info (12023): Found entity 1: mux32 File: /home/parallels/Documents/MIPS/mux32.vhd Line: 4
Info (12021): Found 2 design units, including 1 entities, in source file mux5.vhd
    Info (12022): Found design unit 1: mux1-Behavioral File: /home/parallels/Documents/MIPS/mux5.vhd Line: 14
    Info (12023): Found entity 1: mux5 File: /home/parallels/Documents/MIPS/mux5.vhd Line: 4
Info (12021): Found 2 design units, including 1 entities, in source file add32.vhd
    Info (12022): Found design unit 1: add32-Behavioral File: /home/parallels/Documents/MIPS/add32.vhd Line: 13
    Info (12023): Found entity 1: add32 File: /home/parallels/Documents/MIPS/add32.vhd Line: 4
Info (12021): Found 2 design units, including 1 entities, in source file ext16to32.vhd
    Info (12022): Found design unit 1: ext16to32-Behavioral File: /home/parallels/Documents/MIPS/ext16to32.vhd Line: 9
    Info (12023): Found entity 1: ext16to32 File: /home/parallels/Documents/MIPS/ext16to32.vhd Line: 4
Warning (12018): Entity "and2" will be ignored because it conflicts with Quartus Prime primitive name File: /home/parallels/Documents/MIPS/and2.vhd Line: 4
Info (12021): Found 2 design units, including 1 entities, in source file and2.vhd
    Info (12022): Found design unit 1: and2-Behavioral File: /home/parallels/Documents/MIPS/and2.vhd Line: 11
Info (12021): Found 2 design units, including 1 entities, in source file shifter2_32to32.vhd
    Info (12022): Found design unit 1: shifter2_32to32-bhv File: /home/parallels/Documents/MIPS/shifter2_32to32.vhd Line: 13
    Info (12023): Found entity 1: shifter2_32to32 File: /home/parallels/Documents/MIPS/shifter2_32to32.vhd Line: 5
Info (12021): Found 2 design units, including 1 entities, in source file shifter2_26to32.vhd
    Info (12022): Found design unit 1: shifter2_26to32-bhv File: /home/parallels/Documents/MIPS/shifter2_26to32.vhd Line: 11
    Info (12023): Found entity 1: shifter2_26to32 File: /home/parallels/Documents/MIPS/shifter2_26to32.vhd Line: 5
Info (12021): Found 2 design units, including 1 entities, in source file registerBank32.vhd
    Info (12022): Found design unit 1: registerBank32-behavioral File: /home/parallels/Documents/MIPS/registerBank32.vhd Line: 19
    Info (12023): Found entity 1: registerBank32 File: /home/parallels/Documents/MIPS/registerBank32.vhd Line: 5
Info (12021): Found 2 design units, including 1 entities, in source file nor32.vhd
    Info (12022): Found design unit 1: nor32-behavior File: /home/parallels/Documents/MIPS/nor32.vhd Line: 10
    Info (12023): Found entity 1: nor32 File: /home/parallels/Documents/MIPS/nor32.vhd Line: 5
Info (12021): Found 2 design units, including 1 entities, in source file not32.vhd
    Info (12022): Found design unit 1: not32-Behavioral File: /home/parallels/Documents/MIPS/not32.vhd Line: 13
    Info (12023): Found entity 1: not32 File: /home/parallels/Documents/MIPS/not32.vhd Line: 5
Info (12021): Found 2 design units, including 1 entities, in source file and32.vhd
    Info (12022): Found design unit 1: and32-Behavioral File: /home/parallels/Documents/MIPS/and32.vhd Line: 13
    Info (12023): Found entity 1: and32 File: /home/parallels/Documents/MIPS/and32.vhd Line: 4
Info (12021): Found 2 design units, including 1 entities, in source file or32.vhd
    Info (12022): Found design unit 1: or32-Behavioral File: /home/parallels/Documents/MIPS/or32.vhd Line: 13
    Info (12023): Found entity 1: or32 File: /home/parallels/Documents/MIPS/or32.vhd Line: 4
Info (12021): Found 2 design units, including 1 entities, in source file mux32_4.vhd
    Info (12022): Found design unit 1: mux32_4-Behavioral File: /home/parallels/Documents/MIPS/mux32_4.vhd Line: 16
    Info (12023): Found entity 1: mux32_4 File: /home/parallels/Documents/MIPS/mux32_4.vhd Line: 4
Critical Warning (12048): Ignored duplicate design unit "mux32-Behavioral" in file mux32.vhd File: /home/parallels/Documents/MIPS/mux32.vhd Line: 14
Info (12021): Found 2 design units, including 1 entities, in source file overflow.vhd
    Info (12022): Found design unit 1: mux32-Behavioral File: /home/parallels/Documents/MIPS/overflow.vhd Line: 14
    Info (12023): Found entity 1: overflow File: /home/parallels/Documents/MIPS/overflow.vhd Line: 4
Warning (12018): Entity "and3" will be ignored because it conflicts with Quartus Prime primitive name File: /home/parallels/Documents/MIPS/and3.vhd Line: 4
Info (12021): Found 2 design units, including 1 entities, in source file and3.vhd
    Info (12022): Found design unit 1: and3-Behavioral File: /home/parallels/Documents/MIPS/and3.vhd Line: 12
Error (10327): VHDL error at MIPS_QuartusPrimeProject.vhd(39): can't determine definition of operator ""and"" -- found 0 possible definitions File: /home/parallels/Documents/project1/DesignDeComputadores2/FPGA-Clock/MIPS_QuartusPrimeProject.vhd Line: 39
Error (10411): VHDL Type Conversion error at MIPS_QuartusPrimeProject.vhd(38): can't determine type of object or expression near text or symbol "SIGNED" File: /home/parallels/Documents/project1/DesignDeComputadores2/FPGA-Clock/MIPS_QuartusPrimeProject.vhd Line: 38
Error: Quartus Prime Analysis & Synthesis was unsuccessful. 2 errors, 4 warnings
    Error: Peak virtual memory: 947 megabytes
    Error: Processing ended: Wed Nov  8 16:17:27 2017
    Error: Elapsed time: 00:00:08
    Error: Total CPU time (on all processors): 00:00:20


